[water] n=3 opt...
[water] ohess (round 1)...
[water] E=-5.070544344175 modes=3 imag=0 opt=0.1s ohess=0.0s
[methanol] n=6 opt...
[methanol] ohess (round 1)...
[methanol] E=-8.226118333561 modes=12 imag=0 opt=0.1s ohess=0.1s
[benzene] n=12 opt...
[benzene] ohess (round 1)...
[benzene] E=-15.879640654516 modes=30 imag=0 opt=0.1s ohess=1.0s
[acetic_acid] n=8 opt...
[acetic_acid] ohess (round 1)...
[acetic_acid] E=-14.450260534759 modes=18 imag=0 opt=0.0s ohess=0.4s
[toluene] n=15 opt...
[toluene] ohess (round 1)...
[toluene]   1 imaginary mode(s), lowest=-25.67 cm^-1 -> distorting along it and re-optimizing
[toluene] ohess (round 2)...
[toluene]   1 imaginary mode(s), lowest=-7.44 cm^-1 -> distorting along it and re-optimizing
[toluene] ohess (round 3)...
[toluene] E=-19.050405262873 modes=39 imag=0 opt=0.1s ohess=4.0s
[paracetamol] n=20 opt...
[paracetamol] ohess (round 1)...
[paracetamol] E=-32.783628124402 modes=54 imag=0 opt=0.9s ohess=3.6s
[aspirin] n=21 opt...
[aspirin] ohess (round 1)...
[aspirin] E=-39.623040361567 modes=57 imag=0 opt=0.7s ohess=5.8s
[caffeine] n=24 opt...
[caffeine] ohess (round 1)...
[caffeine]   1 imaginary mode(s), lowest=-64.99 cm^-1 -> distorting along it and re-optimizing
[caffeine] ohess (round 2)...
[caffeine]   1 imaginary mode(s), lowest=-58.25 cm^-1 -> distorting along it and re-optimizing
[caffeine] ohess (round 3)...
[caffeine]   1 imaginary mode(s), lowest=-56.68 cm^-1 -> distorting along it and re-optimizing
[caffeine] ohess (round 4)...
[caffeine] still 1 imaginary after 4 rounds; scanning larger displacements along the mode
[caffeine]   esc_0.6_p: E=-42.154506796478 lowest=39.5
[caffeine]   esc_0.6_m: E=-42.154507228761 lowest=38.73
[caffeine]   esc_1.0_p: E=-42.154507233682 lowest=39.68
[caffeine]   esc_1.0_m: E=-42.154506446025 lowest=39.59
[caffeine]   esc_1.5_p: E=-42.154507372066 lowest=39.6
[caffeine]   esc_1.5_m: E=-42.154507082075 lowest=39.7
[caffeine] E=-42.154507372066 modes=66 imag=0 opt=0.4s ohess=29.4s
[ibuprofen] n=33 opt...
[ibuprofen] ohess (round 1)...
[ibuprofen] E=-45.163317165846 modes=93 imag=0 opt=1.9s ohess=10.9s
[cholesterol] n=74 opt...
[cholesterol] ohess (round 1)...
[cholesterol] E=-85.431013276533 modes=216 imag=0 opt=10.6s ohess=121.1s
wrote 10 records to /out/reference

real	3m57.415s
user	2m52.710s
sys	0m9.245s
